[2026-08-22T13:32:23.463Z] Course 787928240240 Error: The caller does not have permission
Stack: Error: The caller does not have permission
    at Gaxios._request (D:\Portfolio\Creations\Projects\P103 CurricuLab - Study Management System\.next\dev\server\chunks\node_modules_e36be920._.js:11750:23)
    at process.processTicksAndRejections (node:internal/process/task_queues:104:5)
    at async OAuth2Client.requestAsync (D:\Portfolio\Creations\Projects\P103 CurricuLab - Study Management System\.next\dev\server\chunks\node_modules_google-auth-library_3bf37d50._.js:1304:20)
    at async createAPIRequestAsync (D:\Portfolio\Creations\Projects\P103 CurricuLab - Study Management System\.next\dev\server\chunks\node_modules_e36be920._.js:18275:25)
    at async Object.listCourseWork (D:\Portfolio\Creations\Projects\P103 CurricuLab - Study Management System\.next\dev\server\chunks\[root-of-the-server]__e60253a2._.js:281:34)
    at async Promise.all (index 0)
    at async GET (D:\Portfolio\Creations\Projects\P103 CurricuLab - Study Management System\.next\dev\server\chunks\[root-of-the-server]__675e1196._.js:538:62)
    at async AppRouteRouteModule.do (D:\Portfolio\Creations\Projects\P103 CurricuLab - Study Management System\node_modules\next\dist\compiled\next-server\app-route-turbo.runtime.dev.js:5:37866)
    at async AppRouteRouteModule.handle (D:\Portfolio\Creations\Projects\P103 CurricuLab - Study Management System\node_modules\next\dist\compiled\next-server\app-route-turbo.runtime.dev.js:5:45156)
    at async responseGenerator (D:\Portfolio\Creations\Projects\P103 CurricuLab - Study Management System\.next\dev\server\chunks\node_modules_next_c59ffca6._.js:16529:38)
    at async AppRouteRouteModule.handleResponse (D:\Portfolio\Creations\Projects\P103 CurricuLab - Study Management System\node_modules\next\dist\compiled\next-server\app-route-turbo.runtime.dev.js:1:191938)
    at async handleResponse (D:\Portfolio\Creations\Projects\P103 CurricuLab - Study Management System\.next\dev\server\chunks\node_modules_next_c59ffca6._.js:16592:32)
    at async Module.handler (D:\Portfolio\Creations\Projects\P103 CurricuLab - Study Management System\.next\dev\server\chunks\node_modules_next_c59ffca6._.js:16645:13)
    at async DevServer.renderToResponseWithComponentsImpl (D:\Portfolio\Creations\Projects\P103 CurricuLab - Study Management System\node_modules\next\dist\server\base-server.js:1442:9)
    at async DevServer.renderPageComponent (D:\Portfolio\Creations\Projects\P103 CurricuLab - Study Management System\node_modules\next\dist\server\base-server.js:1494:24)
    at async DevServer.renderToResponseImpl (D:\Portfolio\Creations\Projects\P103 CurricuLab - Study Management System\node_modules\next\dist\server\base-server.js:1544:32)
    at async DevServer.pipeImpl (D:\Portfolio\Creations\Projects\P103 CurricuLab - Study Management System\node_modules\next\dist\server\base-server.js:1038:25)
    at async NextNodeServer.handleCatchallRenderRequest (D:\Portfolio\Creations\Projects\P103 CurricuLab - Study Management System\node_modules\next\dist\server\next-server.js:395:17)
    at async DevServer.handleRequestImpl (D:\Portfolio\Creations\Projects\P103 CurricuLab - Study Management System\node_modules\next\dist\server\base-server.js:929:17)
    at async D:\Portfolio\Creations\Projects\P103 CurricuLab - Study Management System\node_modules\next\dist\server\dev\next-dev-server.js:387:20
    at async Span.traceAsyncFn (D:\Portfolio\Creations\Projects\P103 CurricuLab - Study Management System\node_modules\next\dist\trace\trace.js:157:20)
    at async DevServer.handleRequest (D:\Portfolio\Creations\Projects\P103 CurricuLab - Study Management System\node_modules\next\dist\server\dev\next-dev-server.js:383:24)
    at async invokeRender (D:\Portfolio\Creations\Projects\P103 CurricuLab - Study Management System\node_modules\next\dist\server\lib\router-server.js:248:21)
    at async handleRequest (D:\Portfolio\Creations\Projects\P103 CurricuLab - Study Management System\node_modules\next\dist\server\lib\router-server.js:447:24)
    at async requestHandlerImpl (D:\Portfolio\Creations\Projects\P103 CurricuLab - Study Management System\node_modules\next\dist\server\lib\router-server.js:496:13)
    at async Server.requestListener (D:\Portfolio\Creations\Projects\P103 CurricuLab - Study Management System\node_modules\next\dist\server\lib\start-server.js:226:13)
Response: {"error":{"code":403,"message":"The caller does not have permission","errors":[{"message":"The caller does not have permission","domain":"global","reason":"forbidden"}],"status":"PERMISSION_DENIED"}}

[2026-08-22T13:32:24.728Z] Course 787928240240 Error: The caller does not have permission
Stack: Error: The caller does not have permission
    at Gaxios._request (D:\Portfolio\Creations\Projects\P103 CurricuLab - Study Management System\.next\dev\server\chunks\node_modules_e36be920._.js:11750:23)
    at process.processTicksAndRejections (node:internal/process/task_queues:104:5)
    at async OAuth2Client.requestAsync (D:\Portfolio\Creations\Projects\P103 CurricuLab - Study Management System\.next\dev\server\chunks\node_modules_google-auth-library_3bf37d50._.js:1304:20)
    at async createAPIRequestAsync (D:\Portfolio\Creations\Projects\P103 CurricuLab - Study Management System\.next\dev\server\chunks\node_modules_e36be920._.js:18275:25)
    at async Object.listCourseWork (D:\Portfolio\Creations\Projects\P103 CurricuLab - Study Management System\.next\dev\server\chunks\[root-of-the-server]__e60253a2._.js:281:34)
    at async Promise.all (index 0)
    at async GET (D:\Portfolio\Creations\Projects\P103 CurricuLab - Study Management System\.next\dev\server\chunks\[root-of-the-server]__675e1196._.js:538:62)
    at async AppRouteRouteModule.do (D:\Portfolio\Creations\Projects\P103 CurricuLab - Study Management System\node_modules\next\dist\compiled\next-server\app-route-turbo.runtime.dev.js:5:37866)
    at async AppRouteRouteModule.handle (D:\Portfolio\Creations\Projects\P103 CurricuLab - Study Management System\node_modules\next\dist\compiled\next-server\app-route-turbo.runtime.dev.js:5:45156)
    at async responseGenerator (D:\Portfolio\Creations\Projects\P103 CurricuLab - Study Management System\.next\dev\server\chunks\node_modules_next_c59ffca6._.js:16529:38)
    at async AppRouteRouteModule.handleResponse (D:\Portfolio\Creations\Projects\P103 CurricuLab - Study Management System\node_modules\next\dist\compiled\next-server\app-route-turbo.runtime.dev.js:1:191938)
    at async handleResponse (D:\Portfolio\Creations\Projects\P103 CurricuLab - Study Management System\.next\dev\server\chunks\node_modules_next_c59ffca6._.js:16592:32)
    at async Module.handler (D:\Portfolio\Creations\Projects\P103 CurricuLab - Study Management System\.next\dev\server\chunks\node_modules_next_c59ffca6._.js:16645:13)
    at async DevServer.renderToResponseWithComponentsImpl (D:\Portfolio\Creations\Projects\P103 CurricuLab - Study Management System\node_modules\next\dist\server\base-server.js:1442:9)
    at async DevServer.renderPageComponent (D:\Portfolio\Creations\Projects\P103 CurricuLab - Study Management System\node_modules\next\dist\server\base-server.js:1494:24)
    at async DevServer.renderToResponseImpl (D:\Portfolio\Creations\Projects\P103 CurricuLab - Study Management System\node_modules\next\dist\server\base-server.js:1544:32)
    at async DevServer.pipeImpl (D:\Portfolio\Creations\Projects\P103 CurricuLab - Study Management System\node_modules\next\dist\server\base-server.js:1038:25)
    at async NextNodeServer.handleCatchallRenderRequest (D:\Portfolio\Creations\Projects\P103 CurricuLab - Study Management System\node_modules\next\dist\server\next-server.js:395:17)
    at async DevServer.handleRequestImpl (D:\Portfolio\Creations\Projects\P103 CurricuLab - Study Management System\node_modules\next\dist\server\base-server.js:929:17)
    at async D:\Portfolio\Creations\Projects\P103 CurricuLab - Study Management System\node_modules\next\dist\server\dev\next-dev-server.js:387:20
    at async Span.traceAsyncFn (D:\Portfolio\Creations\Projects\P103 CurricuLab - Study Management System\node_modules\next\dist\trace\trace.js:157:20)
    at async DevServer.handleRequest (D:\Portfolio\Creations\Projects\P103 CurricuLab - Study Management System\node_modules\next\dist\server\dev\next-dev-server.js:383:24)
    at async invokeRender (D:\Portfolio\Creations\Projects\P103 CurricuLab - Study Management System\node_modules\next\dist\server\lib\router-server.js:248:21)
    at async handleRequest (D:\Portfolio\Creations\Projects\P103 CurricuLab - Study Management System\node_modules\next\dist\server\lib\router-server.js:447:24)
    at async requestHandlerImpl (D:\Portfolio\Creations\Projects\P103 CurricuLab - Study Management System\node_modules\next\dist\server\lib\router-server.js:496:13)
    at async Server.requestListener (D:\Portfolio\Creations\Projects\P103 CurricuLab - Study Management System\node_modules\next\dist\server\lib\start-server.js:226:13)
Response: {"error":{"code":403,"message":"The caller does not have permission","errors":[{"message":"The caller does not have permission","domain":"global","reason":"forbidden"}],"status":"PERMISSION_DENIED"}}

